// Jest Snapshot v1, https://goo.gl/fbAQLP

exports[`Genre Component snapshot render 1`] = `
<section>
  <div
    className="genre-container hide"
  />
</section>
`;
