// Jest Snapshot v1, https://goo.gl/fbAQLP

exports[`Playlist Component snapshot render 1`] = `
<section>
  <div
    className="playlist-container hide"
  />
</section>
`;
